101 | Account Issue | Low | 2026-09-15 12:57:49
102 | Hardware Issue | High | 2026-09-15 12:57:49
103 | Network Issue | High | 2026-09-15 12:57:49
104 | Access Issue | Low | 2026-09-15 12:57:49
105 | Network Issue | High | 2026-09-15 12:57:49
106 | General Inquiry | Low | 2026-09-15 12:57:49
107 | Application Issue | Medium | 2026-09-15 12:57:49
108 | Account Issue | Low | 2026-09-15 12:57:49
109 | General Inquiry | Low | 2026-09-15 12:57:49
110 | General Inquiry | Low | 2026-09-15 12:57:49
111 | General Inquiry | Low | 2026-09-15 12:57:49
112 | General Inquiry | Low | 2026-09-15 12:57:49
113 | General Inquiry | Low | 2026-09-15 12:57:49
114 | Network Issue | High | 2026-09-15 12:57:49
115 | General Inquiry | Low | 2026-09-15 12:57:49
116 | General Inquiry | Low | 2026-09-15 12:57:49
117 | General Inquiry | Low | 2026-09-15 12:57:49
118 | Access Issue | Low | 2026-09-15 12:57:49
119 | General Inquiry | Low | 2026-09-15 12:57:49
120 | Application Issue | Medium | 2026-09-15 12:57:49
121 | Network Issue | High | 2026-09-15 12:57:49
122 | Hardware Issue | High | 2026-09-15 12:57:49
123 | Account Issue | Low | 2026-09-15 12:57:49
124 | General Inquiry | Low | 2026-09-15 12:57:49
125 | General Inquiry | Low | 2026-09-15 12:57:49
126 | General Inquiry | Low | 2026-09-15 12:57:49
127 | General Inquiry | Low | 2026-09-15 12:57:49
128 | General Inquiry | Low | 2026-09-15 12:57:49
129 | General Inquiry | Low | 2026-09-15 12:57:49
130 | Account Issue | Low | 2026-09-15 12:57:49
131 | Network Issue | High | 2026-09-15 12:57:49
132 | General Inquiry | Low | 2026-09-15 12:57:49
133 | General Inquiry | Low | 2026-09-15 12:57:49
134 | General Inquiry | Low | 2026-09-15 12:57:49
135 | Application Issue | Medium | 2026-09-15 12:57:49
136 | General Inquiry | Low | 2026-09-15 12:57:49
137 | Application Issue | Medium | 2026-09-15 12:57:49
138 | Network Issue | High | 2026-09-15 12:57:49
139 | General Inquiry | Low | 2026-09-15 12:57:49
140 | General Inquiry | Low | 2026-09-15 12:57:49
141 | General Inquiry | Low | 2026-09-15 12:57:49
142 | General Inquiry | Low | 2026-09-15 12:57:49
143 | Access Issue | Low | 2026-09-15 12:57:49
144 | General Inquiry | Low | 2026-09-15 12:57:49
145 | General Inquiry | Low | 2026-09-15 12:57:49
